[2026-08-13 08:16] ==============================================================
[2026-08-13 08:16] ACTUALIZACION (completa)
[2026-08-13 08:16] ==============================================================
[2026-08-13 08:16] 
-- FASE 1: verificando anuncios existentes --
[2026-08-13 08:16]   ?? no_verificable  [ 1] Pedro Moreno
[2026-08-13 08:17]   ?? no_verificable  [ 2] Pompeya 2564
[2026-08-13 08:17]   ?? no_verificable  [ 8] Hidalgo y Costilla 1618
[2026-08-13 08:17]   ?? no_verificable  [12] Labrador
[2026-08-13 08:17]   ?? no_verificable  [14] Justo Sierra
[2026-08-13 08:17]   ?? no_verificable  [17] Nomad Living Neruda (sin aval)
[2026-08-13 08:18]   ?? no_verificable  [19] Juan Ruiz Alarcón
[2026-08-13 08:18]   ?? no_verificable  [26] Manuel M. Diéguez
[2026-08-13 08:18]   ?? no_verificable  [33] Morelos
[2026-08-13 08:18] 
  Navegador stealth para 24 anuncios...
[2026-08-13 08:18]   OK activo          [ 3] Pablo Villaseñor 120 m²
[2026-08-13 08:18]   OK activo          [ 4] Pablo Casals (80 m², 2 rec)
[2026-08-13 08:18]   OK activo          [ 5] Antonio de León 248
[2026-08-13 08:18]   OK activo          [ 6] Av. Manuel Acuña 3138
[2026-08-13 08:18]   OK activo          [ 7] Aztecas (80 m², 2 rec)
[2026-08-13 08:18]   OK activo          [ 9] Av. México 2083
[2026-08-13 08:18]   OK activo          [10] Terranova 388-203
[2026-08-13 08:18]   ?? no_verificable  [11] Providencia 4ª Secc
[2026-08-13 08:18]   OK activo          [13] Quebec 1155
[2026-08-13 08:18]   OK activo          [15] Penthouse Aztecas 1005
[2026-08-13 08:18]   OK activo          [16] Fray Luis de Palacio
[2026-08-13 08:19]   ?? no_verificable  [18] Reforma / Av. Américas
[2026-08-13 08:19]   OK activo          [20] Av. Pablo Neruda 2300 (2 unid.)
[2026-08-13 08:19]   OK activo          [21] Justo Sierra 2429
[2026-08-13 08:19]   ?? no_verificable  [22] Madison Loft
[2026-08-13 08:19]   ?? no_verificable  [23] Providencia ID 167276
[2026-08-13 08:19]   OK activo          [24] Av. Pablo Neruda 40 m² (sin aval)
[2026-08-13 08:19]   OK activo          [25] La Paz 2538
[2026-08-13 08:19]   ?? no_verificable  [27] Américas (Ayuntamiento)
[2026-08-13 08:19]   ?? no_verificable  [28] Ayuntamiento ID 167284
[2026-08-13 08:19]   ?? no_verificable  [29] Ayuntamiento ID 167285
[2026-08-13 08:19]   ?? no_verificable  [30] Loft Providencia 1ª Secc
[2026-08-13 08:19]   OK activo          [31] Av. de las Américas 918
[2026-08-13 08:19]   OK activo          [32] Av. de las Américas 872 (64 m²)
[2026-08-13 08:19] 
-- FASE 2: recalculando puntuaciones --
[2026-08-13 08:19]   33 propiedades activas repuntuadas
[2026-08-13 08:19]   Rango de puntuacion: 27 - 88
[2026-08-13 08:19]   Top 3: Pedro Moreno (88) | Pompeya 2564 (85) | Pablo Villaseñor 120 m (82)
[2026-08-13 08:19] 
-- FASE 3: buscando nuevos anuncios --
[2026-08-13 08:19]   Colonias: Providencia, Ladron de Guevara, Americana, Santa Teresita, Vallarta Norte
[2026-08-13 08:19]   Precio maximo: $21,000 amueblado
[2026-08-13 08:19]     propiedades.com: error – HTTPSConnectionPool(host='propiedades.com', port=443): Read timed out. (read timeout=15)
[2026-08-13 08:19]     EasyBroker: HTTP 401
[2026-08-13 08:19]     Inmuebles24: 0 candidatos
[2026-08-13 08:19]     Lamudi: 0 candidatos
[2026-08-13 08:19]   No se encontraron candidatos nuevos
[2026-08-13 08:19] 
-- FASE 4: guardando y regenerando --
[2026-08-13 08:19]   Mapa actualizado con 33 propiedades
[2026-08-13 08:19]   PDF actualizado: 33 propiedades
[2026-08-13 08:19] 
==============================================================
[2026-08-13 08:19] RESUMEN
[2026-08-13 08:19]   Activos verificados : 16
[2026-08-13 08:19]   No verificables     : 17  (revisar manualmente)
[2026-08-13 08:19]   Eliminados (caidos) : 0
[2026-08-13 08:19]   Excluidos por precio: 0
[2026-08-13 08:19]   Candidatos nuevos   : 0
[2026-08-13 08:19]   Total en el mapa    : 33
[2026-08-13 08:19] ==============================================================

[2026-08-13 12:42] ==============================================================
[2026-08-13 12:42] ACTUALIZACION (completa)
[2026-08-13 12:42] ==============================================================
[2026-08-13 12:42] 
-- FASE 1: verificando anuncios existentes --
[2026-08-13 12:43]   ?? no_verificable  [ 1] Pedro Moreno
[2026-08-13 12:43]   ?? no_verificable  [ 2] Pompeya 2564
[2026-08-13 12:43]   ?? no_verificable  [ 8] Hidalgo y Costilla 1618
[2026-08-13 12:43]   ?? no_verificable  [12] Labrador
[2026-08-13 12:43]   ?? no_verificable  [14] Justo Sierra
[2026-08-13 12:44]   ?? no_verificable  [17] Nomad Living Neruda (sin aval)
[2026-08-13 12:44]   ?? no_verificable  [19] Juan Ruiz Alarcón
[2026-08-13 12:44]   ?? no_verificable  [26] Manuel M. Diéguez
[2026-08-13 12:44]   ?? no_verificable  [33] Morelos
[2026-08-13 12:44] 
  Navegador stealth para 24 anuncios...
[2026-08-13 12:44]   OK activo          [ 3] Pablo Villaseñor 120 m²
[2026-08-13 12:44]   OK activo          [ 4] Pablo Casals (80 m², 2 rec)
[2026-08-13 12:44]   OK activo          [ 5] Antonio de León 248
[2026-08-13 12:44]   OK activo          [ 6] Av. Manuel Acuña 3138
[2026-08-13 12:44]   OK activo          [ 7] Aztecas (80 m², 2 rec)
[2026-08-13 12:45]   OK activo          [ 9] Av. México 2083
[2026-08-13 12:45]   OK activo          [10] Terranova 388-203
[2026-08-13 12:45]   ?? no_verificable  [11] Providencia 4ª Secc
[2026-08-13 12:45]   OK activo          [13] Quebec 1155
[2026-08-13 12:45]   OK activo          [15] Penthouse Aztecas 1005
[2026-08-13 12:45]   OK activo          [16] Fray Luis de Palacio
[2026-08-13 12:45]   ?? no_verificable  [18] Reforma / Av. Américas
[2026-08-13 12:45]   OK activo          [20] Av. Pablo Neruda 2300 (2 unid.)
[2026-08-13 12:45]   OK activo          [21] Justo Sierra 2429
[2026-08-13 12:45]   ?? no_verificable  [22] Madison Loft
[2026-08-13 12:45]   ?? no_verificable  [23] Providencia ID 167276
[2026-08-13 12:45]   OK activo          [24] Av. Pablo Neruda 40 m² (sin aval)
[2026-08-13 12:45]   OK activo          [25] La Paz 2538
[2026-08-13 12:45]   ?? no_verificable  [27] Américas (Ayuntamiento)
[2026-08-13 12:45]   ?? no_verificable  [28] Ayuntamiento ID 167284
[2026-08-13 12:45]   ?? no_verificable  [29] Ayuntamiento ID 167285
[2026-08-13 12:45]   ?? no_verificable  [30] Loft Providencia 1ª Secc
[2026-08-13 12:45]   OK activo          [31] Av. de las Américas 918
[2026-08-13 12:45]   OK activo          [32] Av. de las Américas 872 (64 m²)
[2026-08-13 12:45] 
-- FASE 2: recalculando puntuaciones --
[2026-08-13 12:45]   33 propiedades activas repuntuadas
[2026-08-13 12:45]   Rango de puntuacion: 27 - 88
[2026-08-13 12:45]   Top 3: Pedro Moreno (88) | Pompeya 2564 (85) | Pablo Villaseñor 120 m (82)
[2026-08-13 12:45] 
-- FASE 3: buscando nuevos anuncios --
[2026-08-13 12:45]   Colonias: Providencia, Ladron de Guevara, Americana, Santa Teresita, Vallarta Norte
[2026-08-13 12:45]   Precio maximo: $21,000 amueblado
[2026-08-13 12:46]     propiedades.com: error – HTTPSConnectionPool(host='propiedades.com', port=443): Read timed out. (read timeout=15)
[2026-08-13 12:46]     EasyBroker: HTTP 401
[2026-08-13 12:46]     Inmuebles24: 0 candidatos
[2026-08-13 12:46]     Lamudi: 0 candidatos
[2026-08-13 12:46]   No se encontraron candidatos nuevos
[2026-08-13 12:46] 
-- FASE 4: guardando y regenerando --
[2026-08-13 12:46]   AVISO: no se pudo inyectar el payload en el mapa
[2026-08-13 12:46]   PDF actualizado: 33 propiedades
[2026-08-13 12:46] 
==============================================================
[2026-08-13 12:46] RESUMEN
[2026-08-13 12:46]   Activos verificados : 16
[2026-08-13 12:46]   No verificables     : 17  (revisar manualmente)
[2026-08-13 12:46]   Eliminados (caidos) : 0
[2026-08-13 12:46]   Excluidos por precio: 0
[2026-08-13 12:46]   Candidatos nuevos   : 0
[2026-08-13 12:46]   Total en el mapa    : 33
[2026-08-13 12:46] ==============================================================

[2026-08-13 13:05] ==============================================================
[2026-08-13 13:05] ACTUALIZACION (completa)
[2026-08-13 13:05] ==============================================================
[2026-08-13 13:05] 
-- FASE 1: verificando anuncios existentes --
[2026-08-13 13:06]   ?? no_verificable  [ 1] Pedro Moreno
[2026-08-13 13:06]   ?? no_verificable  [ 2] Pompeya 2564
[2026-08-13 13:06]   ?? no_verificable  [ 8] Hidalgo y Costilla 1618
[2026-08-13 13:07]   ?? no_verificable  [12] Labrador
[2026-08-13 13:07]   ?? no_verificable  [14] Justo Sierra
[2026-08-13 13:07]   ?? no_verificable  [17] Nomad Living Neruda (sin aval)
[2026-08-13 13:08]   ?? no_verificable  [19] Juan Ruiz Alarcón
[2026-08-13 13:08]   ?? no_verificable  [26] Manuel M. Diéguez
[2026-08-13 13:08]   ?? no_verificable  [33] Morelos
[2026-08-13 13:08] 
  Navegador stealth para 24 anuncios...
[2026-08-13 13:09]   OK activo          [ 3] Pablo Villaseñor 120 m²
[2026-08-13 13:09]   OK activo          [ 4] Pablo Casals (80 m², 2 rec)
[2026-08-13 13:09]   OK activo          [ 5] Antonio de León 248
[2026-08-13 13:09]   OK activo          [ 6] Av. Manuel Acuña 3138
[2026-08-13 13:09]   OK activo          [ 7] Aztecas (80 m², 2 rec)
[2026-08-13 13:09]   OK activo          [ 9] Av. México 2083
[2026-08-13 13:09]   OK activo          [10] Terranova 388-203
[2026-08-13 13:09]   ?? no_verificable  [11] Providencia 4ª Secc
[2026-08-13 13:09]   OK activo          [13] Quebec 1155
[2026-08-13 13:09]   OK activo          [15] Penthouse Aztecas 1005
[2026-08-13 13:09]   OK activo          [16] Fray Luis de Palacio
[2026-08-13 13:09]   ?? no_verificable  [18] Reforma / Av. Américas
[2026-08-13 13:09]   OK activo          [20] Av. Pablo Neruda 2300 (2 unid.)
[2026-08-13 13:09]   OK activo          [21] Justo Sierra 2429
[2026-08-13 13:09]   ?? no_verificable  [22] Madison Loft
[2026-08-13 13:09]   ?? no_verificable  [23] Providencia ID 167276
[2026-08-13 13:09]   OK activo          [24] Av. Pablo Neruda 40 m² (sin aval)
[2026-08-13 13:09]   OK activo          [25] La Paz 2538
[2026-08-13 13:09]   ?? no_verificable  [27] Américas (Ayuntamiento)
[2026-08-13 13:09]   ?? no_verificable  [28] Ayuntamiento ID 167284
[2026-08-13 13:09]   ?? no_verificable  [29] Ayuntamiento ID 167285
[2026-08-13 13:09]   ?? no_verificable  [30] Loft Providencia 1ª Secc
[2026-08-13 13:09]   OK activo          [31] Av. de las Américas 918
[2026-08-13 13:09]   OK activo          [32] Av. de las Américas 872 (64 m²)
[2026-08-13 13:10] 
-- FASE 2: recalculando puntuaciones --
[2026-08-13 13:10]   33 propiedades activas repuntuadas
[2026-08-13 13:10]   Rango de puntuacion: 27 - 88
[2026-08-13 13:10]   Top 3: Pedro Moreno (88) | Pompeya 2564 (85) | Pablo Villaseñor 120 m (82)
[2026-08-13 13:10] 
-- FASE 3: buscando nuevos anuncios --
[2026-08-13 13:10]   Colonias: Providencia, Ladron de Guevara, Americana, Santa Teresita, Vallarta Norte
[2026-08-13 13:10]   Precio maximo: $21,000 amueblado
[2026-08-13 13:10]     propiedades.com: error – HTTPSConnectionPool(host='propiedades.com', port=443): Read timed out. (read timeout=15)
[2026-08-13 13:10]     EasyBroker: HTTP 401
[2026-08-13 13:10]     Inmuebles24: 0 candidatos
[2026-08-13 13:10]     Lamudi: 0 candidatos
[2026-08-13 13:10]   No se encontraron candidatos nuevos
[2026-08-13 13:10] 
-- FASE 4: guardando y regenerando --
[2026-08-13 13:10]   AVISO: los datos ya estaban actualizados (sin cambios)
[2026-08-13 13:10]   PDF actualizado: 33 propiedades
[2026-08-13 13:10] 
==============================================================
[2026-08-13 13:10] RESUMEN
[2026-08-13 13:10]   Activos verificados : 16
[2026-08-13 13:10]   No verificables     : 17  (revisar manualmente)
[2026-08-13 13:10]   Eliminados (caidos) : 0
[2026-08-13 13:10]   Excluidos por precio: 0
[2026-08-13 13:10]   Candidatos nuevos   : 0
[2026-08-13 13:10]   Total en el mapa    : 33
[2026-08-13 13:10] ==============================================================

[2026-08-13 14:01] ==============================================================
[2026-08-13 14:01] ACTUALIZACION (completa)
[2026-08-13 14:01] ==============================================================
[2026-08-13 14:01] 
-- FASE 1: verificando anuncios existentes --
[2026-08-13 14:02]   ?? no_verificable  [ 1] Pedro Moreno
[2026-08-13 14:02]   ?? no_verificable  [ 2] Pompeya 2564
[2026-08-13 14:02]   ?? no_verificable  [ 8] Hidalgo y Costilla 1618
[2026-08-13 14:03]   ?? no_verificable  [12] Labrador
[2026-08-13 14:03]   ?? no_verificable  [14] Justo Sierra
[2026-08-13 14:03]   ?? no_verificable  [17] Nomad Living Neruda (sin aval)
[2026-08-13 14:04]   ?? no_verificable  [19] Juan Ruiz Alarcón
[2026-08-13 14:04]   ?? no_verificable  [26] Manuel M. Diéguez
[2026-08-13 14:04]   ?? no_verificable  [33] Morelos
[2026-08-13 14:04] 
  Navegador stealth para 24 anuncios...
[2026-08-13 14:04]   OK activo          [ 3] Pablo Villaseñor 120 m²
[2026-08-13 14:04]   OK activo          [ 4] Pablo Casals (80 m², 2 rec)
[2026-08-13 14:04]   OK activo          [ 5] Antonio de León 248
[2026-08-13 14:04]   OK activo          [ 6] Av. Manuel Acuña 3138
[2026-08-13 14:05]   OK activo          [ 7] Aztecas (80 m², 2 rec)
[2026-08-13 14:05]   OK activo          [ 9] Av. México 2083
[2026-08-13 14:05]   OK activo          [10] Terranova 388-203
[2026-08-13 14:05]   ?? no_verificable  [11] Providencia 4ª Secc
[2026-08-13 14:05]   OK activo          [13] Quebec 1155
[2026-08-13 14:05]   OK activo          [15] Penthouse Aztecas 1005
[2026-08-13 14:05]   OK activo          [16] Fray Luis de Palacio
[2026-08-13 14:05]   ?? no_verificable  [18] Reforma / Av. Américas
[2026-08-13 14:05]   OK activo          [20] Av. Pablo Neruda 2300 (2 unid.)
[2026-08-13 14:05]   OK activo          [21] Justo Sierra 2429
[2026-08-13 14:05]   ?? no_verificable  [22] Madison Loft
[2026-08-13 14:05]   ?? no_verificable  [23] Providencia ID 167276
[2026-08-13 14:05]   OK activo          [24] Av. Pablo Neruda 40 m² (sin aval)
[2026-08-13 14:05]   OK activo          [25] La Paz 2538
[2026-08-13 14:05]   ?? no_verificable  [27] Américas (Ayuntamiento)
[2026-08-13 14:05]   ?? no_verificable  [28] Ayuntamiento ID 167284
[2026-08-13 14:05]   ?? no_verificable  [29] Ayuntamiento ID 167285
[2026-08-13 14:05]   ?? no_verificable  [30] Loft Providencia 1ª Secc
[2026-08-13 14:05]   OK activo          [31] Av. de las Américas 918
[2026-08-13 14:05]   OK activo          [32] Av. de las Américas 872 (64 m²)
[2026-08-13 14:05] 
-- FASE 2: recalculando puntuaciones --
[2026-08-13 14:05]   33 propiedades activas repuntuadas
[2026-08-13 14:05]   Rango de puntuacion: 27 - 88
[2026-08-13 14:05]   Top 3: Pedro Moreno (88) | Pompeya 2564 (85) | Pablo Villaseñor 120 m (82)
[2026-08-13 14:05] 
-- FASE 3: buscando nuevos anuncios --
[2026-08-13 14:05]   Colonias: Providencia, Ladron de Guevara, Americana, Santa Teresita, Vallarta Norte
[2026-08-13 14:05]   Precio maximo: $21,000 amueblado
[2026-08-13 14:06]     propiedades.com: error – HTTPSConnectionPool(host='propiedades.com', port=443): Read timed out. (read timeout=15)
[2026-08-13 14:06]     EasyBroker: HTTP 401
[2026-08-13 14:06]     Inmuebles24: 0 candidatos
[2026-08-13 14:06]     Lamudi: 0 candidatos
[2026-08-13 14:06]   No se encontraron candidatos nuevos
[2026-08-13 14:06] 
-- FASE 4: guardando y regenerando --
[2026-08-13 14:06]   AVISO: los datos ya estaban actualizados (sin cambios)
[2026-08-13 14:06]   PDF actualizado: 33 propiedades
[2026-08-13 14:06] 
==============================================================
[2026-08-13 14:06] RESUMEN
[2026-08-13 14:06]   Activos verificados : 16
[2026-08-13 14:06]   No verificables     : 17  (revisar manualmente)
[2026-08-13 14:06]   Eliminados (caidos) : 0
[2026-08-13 14:06]   Excluidos por precio: 0
[2026-08-13 14:06]   Candidatos nuevos   : 0
[2026-08-13 14:06]   Total en el mapa    : 33
[2026-08-13 14:06] ==============================================================

[2026-08-13 15:32] ==============================================================
[2026-08-13 15:32] ACTUALIZACION (completa)
[2026-08-13 15:32] ==============================================================
[2026-08-13 15:32] 
-- FASE 1: verificando anuncios existentes --
[2026-08-13 15:33]   ?? no_verificable  [ 1] Pedro Moreno
[2026-08-13 15:33]   ?? no_verificable  [ 2] Pompeya 2564
[2026-08-13 15:34]   ?? no_verificable  [ 8] Hidalgo y Costilla 1618
[2026-08-13 15:34]   ?? no_verificable  [12] Labrador
[2026-08-13 15:34]   ?? no_verificable  [14] Justo Sierra
[2026-08-13 15:35]   ?? no_verificable  [17] Nomad Living Neruda (sin aval)
[2026-08-13 15:35]   ?? no_verificable  [19] Juan Ruiz Alarcón
[2026-08-13 15:35]   ?? no_verificable  [26] Manuel M. Diéguez
[2026-08-13 15:36]   ?? no_verificable  [33] Morelos
[2026-08-13 15:36] 
  Navegador stealth para 24 anuncios...
[2026-08-13 15:36]   OK activo          [ 3] Pablo Villaseñor 120 m²
[2026-08-13 15:36]   OK activo          [ 4] Pablo Casals (80 m², 2 rec)
[2026-08-13 15:36]   OK activo          [ 5] Antonio de León 248
[2026-08-13 15:36]   OK activo          [ 6] Av. Manuel Acuña 3138
[2026-08-13 15:36]   OK activo          [ 7] Aztecas (80 m², 2 rec)
[2026-08-13 15:36]   OK activo          [ 9] Av. México 2083
[2026-08-13 15:36]   OK activo          [10] Terranova 388-203
[2026-08-13 15:36]   ?? no_verificable  [11] Providencia 4ª Secc
[2026-08-13 15:36]   OK activo          [13] Quebec 1155
[2026-08-13 15:36]   OK activo          [15] Penthouse Aztecas 1005
[2026-08-13 15:36]   OK activo          [16] Fray Luis de Palacio
[2026-08-13 15:36]   ?? no_verificable  [18] Reforma / Av. Américas
[2026-08-13 15:36]   OK activo          [20] Av. Pablo Neruda 2300 (2 unid.)
[2026-08-13 15:36]   OK activo          [21] Justo Sierra 2429
[2026-08-13 15:36]   ?? no_verificable  [22] Madison Loft
[2026-08-13 15:36]   ?? no_verificable  [23] Providencia ID 167276
[2026-08-13 15:36]   OK activo          [24] Av. Pablo Neruda 40 m² (sin aval)
[2026-08-13 15:36]   OK activo          [25] La Paz 2538
[2026-08-13 15:36]   ?? no_verificable  [27] Américas (Ayuntamiento)
[2026-08-13 15:36]   ?? no_verificable  [28] Ayuntamiento ID 167284
[2026-08-13 15:36]   ?? no_verificable  [29] Ayuntamiento ID 167285
[2026-08-13 15:37]   ?? no_verificable  [30] Loft Providencia 1ª Secc
[2026-08-13 15:37]   OK activo          [31] Av. de las Américas 918
[2026-08-13 15:37]   OK activo          [32] Av. de las Américas 872 (64 m²)
[2026-08-13 15:37] 
-- FASE 2: recalculando puntuaciones --
[2026-08-13 15:37]   33 propiedades activas repuntuadas
[2026-08-13 15:37]   Rango de puntuacion: 27 - 88
[2026-08-13 15:37]   Top 3: Pedro Moreno (88) | Pompeya 2564 (85) | Pablo Villaseñor 120 m (82)
[2026-08-13 15:37] 
-- FASE 3: buscando nuevos anuncios --
[2026-08-13 15:37]   Colonias: Providencia, Ladron de Guevara, Americana, Santa Teresita, Vallarta Norte
[2026-08-13 15:37]   Precio maximo: $21,000 amueblado
[2026-08-13 15:37]     propiedades.com: error – HTTPSConnectionPool(host='propiedades.com', port=443): Read timed out. (read timeout=15)
[2026-08-13 15:37]     EasyBroker: HTTP 401
[2026-08-13 15:37]     Inmuebles24: 0 candidatos
[2026-08-13 15:37]     Lamudi: 0 candidatos
[2026-08-13 15:37]   No se encontraron candidatos nuevos
[2026-08-13 15:37] 
-- FASE 4: guardando y regenerando --
[2026-08-13 15:37]   AVISO: los datos ya estaban actualizados (sin cambios)
[2026-08-13 15:37]   PDF actualizado: 33 propiedades
[2026-08-13 15:37] 
==============================================================
[2026-08-13 15:37] RESUMEN
[2026-08-13 15:37]   Activos verificados : 16
[2026-08-13 15:37]   No verificables     : 17  (revisar manualmente)
[2026-08-13 15:37]   Eliminados (caidos) : 0
[2026-08-13 15:37]   Excluidos por precio: 0
[2026-08-13 15:37]   Candidatos nuevos   : 0
[2026-08-13 15:37]   Total en el mapa    : 33
[2026-08-13 15:37] ==============================================================

[2026-08-13 16:27] ==============================================================
[2026-08-13 16:27] ACTUALIZACION (completa)
[2026-08-13 16:27] ==============================================================
[2026-08-13 16:27] 
-- FASE 1: verificando anuncios existentes --
[2026-08-13 16:28]   ?? no_verificable  [ 1] Pedro Moreno
[2026-08-13 16:28]   ?? no_verificable  [ 2] Pompeya 2564
[2026-08-13 16:28]   ?? no_verificable  [ 8] Hidalgo y Costilla 1618
[2026-08-13 16:29]   ?? no_verificable  [12] Labrador
[2026-08-13 16:29]   ?? no_verificable  [14] Justo Sierra
[2026-08-13 16:29]   ?? no_verificable  [17] Nomad Living Neruda (sin aval)
[2026-08-13 16:30]   ?? no_verificable  [19] Juan Ruiz Alarcón
[2026-08-13 16:30]   ?? no_verificable  [26] Manuel M. Diéguez
[2026-08-13 16:30]   ?? no_verificable  [33] Morelos
[2026-08-13 16:30] 
  Navegador stealth para 24 anuncios...
[2026-08-13 16:30]   OK activo          [ 3] Pablo Villaseñor 120 m²
[2026-08-13 16:30]   OK activo          [ 4] Pablo Casals (80 m², 2 rec)
[2026-08-13 16:30]   OK activo          [ 5] Antonio de León 248
[2026-08-13 16:30]   OK activo          [ 6] Av. Manuel Acuña 3138
[2026-08-13 16:30]   OK activo          [ 7] Aztecas (80 m², 2 rec)
[2026-08-13 16:31]   OK activo          [ 9] Av. México 2083
[2026-08-13 16:31]   OK activo          [10] Terranova 388-203
[2026-08-13 16:31]   ?? no_verificable  [11] Providencia 4ª Secc
[2026-08-13 16:31]   OK activo          [13] Quebec 1155
[2026-08-13 16:31]   OK activo          [15] Penthouse Aztecas 1005
[2026-08-13 16:31]   OK activo          [16] Fray Luis de Palacio
[2026-08-13 16:31]   ?? no_verificable  [18] Reforma / Av. Américas
[2026-08-13 16:31]   OK activo          [20] Av. Pablo Neruda 2300 (2 unid.)
[2026-08-13 16:31]   OK activo          [21] Justo Sierra 2429
[2026-08-13 16:31]   ?? no_verificable  [22] Madison Loft
[2026-08-13 16:31]   ?? no_verificable  [23] Providencia ID 167276
[2026-08-13 16:31]   OK activo          [24] Av. Pablo Neruda 40 m² (sin aval)
[2026-08-13 16:31]   OK activo          [25] La Paz 2538
[2026-08-13 16:31]   ?? no_verificable  [27] Américas (Ayuntamiento)
[2026-08-13 16:31]   ?? no_verificable  [28] Ayuntamiento ID 167284
[2026-08-13 16:31]   ?? no_verificable  [29] Ayuntamiento ID 167285
[2026-08-13 16:31]   ?? no_verificable  [30] Loft Providencia 1ª Secc
[2026-08-13 16:31]   OK activo          [31] Av. de las Américas 918
[2026-08-13 16:31]   OK activo          [32] Av. de las Américas 872 (64 m²)
[2026-08-13 16:31] 
-- FASE 2: recalculando puntuaciones --
[2026-08-13 16:31]   33 propiedades activas repuntuadas
[2026-08-13 16:31]   Rango de puntuacion: 27 - 88
[2026-08-13 16:31]   Top 3: Pedro Moreno (88) | Pompeya 2564 (85) | Pablo Villaseñor 120 m (82)
[2026-08-13 16:31] 
-- FASE 3: buscando nuevos anuncios --
[2026-08-13 16:31]   Colonias: Providencia, Ladron de Guevara, Americana, Santa Teresita, Vallarta Norte
[2026-08-13 16:31]   Precio nominal maximo (cualquier mobiliario): $22,000
[2026-08-13 16:32]     propiedades.com: error – HTTPSConnectionPool(host='propiedades.com', port=443): Read timed out. (read timeout=20)
[2026-08-13 16:32]     EasyBroker: sin clave configurada (ver EASYBROKER_API_KEY en Settings > Secrets)
[2026-08-13 16:32]     Inmuebles24: 0 candidatos
[2026-08-13 16:32]     Lamudi: 0 candidatos
[2026-08-13 16:32]     Vivanuncios: 0 candidatos
[2026-08-13 16:32]   No se encontraron candidatos nuevos
[2026-08-13 16:32] 
-- FASE 4: guardando y regenerando --
[2026-08-13 16:32]   AVISO: los datos ya estaban actualizados (sin cambios)
[2026-08-13 16:32]   PDF actualizado: 33 propiedades
[2026-08-13 16:32] 
==============================================================
[2026-08-13 16:32] RESUMEN
[2026-08-13 16:32]   Activos verificados : 16
[2026-08-13 16:32]   No verificables     : 17  (revisar manualmente)
[2026-08-13 16:32]   Eliminados (caidos) : 0
[2026-08-13 16:32]   Excluidos por precio: 0
[2026-08-13 16:32]   Candidatos nuevos   : 0
[2026-08-13 16:32]   Total en el mapa    : 33
[2026-08-13 16:32] ==============================================================

[2026-08-13 20:04] ==============================================================
[2026-08-13 20:04] ACTUALIZACION (completa)
[2026-08-13 20:04] ==============================================================
[2026-08-13 20:04] 
-- FASE 1: verificando anuncios existentes --
[2026-08-13 20:04]   ?? no_verificable  [ 1] Pedro Moreno
[2026-08-13 20:04]   ?? no_verificable  [ 2] Pompeya 2564
[2026-08-13 20:05]   ?? no_verificable  [ 8] Hidalgo y Costilla 1618
[2026-08-13 20:05]   ?? no_verificable  [12] Labrador
[2026-08-13 20:05]   ?? no_verificable  [14] Justo Sierra
[2026-08-13 20:06]   ?? no_verificable  [17] Nomad Living Neruda (sin aval)
[2026-08-13 20:06]   ?? no_verificable  [19] Juan Ruiz Alarcón
[2026-08-13 20:06]   ?? no_verificable  [26] Manuel M. Diéguez
[2026-08-13 20:07]   ?? no_verificable  [33] Morelos
[2026-08-13 20:07] 
  Navegador stealth para 24 anuncios...
[2026-08-13 20:07]   OK activo          [ 3] Pablo Villaseñor 120 m²
[2026-08-13 20:07]   OK activo          [ 4] Pablo Casals (80 m², 2 rec)
[2026-08-13 20:07]   OK activo          [ 5] Antonio de León 248
[2026-08-13 20:07]   OK activo          [ 6] Av. Manuel Acuña 3138
[2026-08-13 20:07]   OK activo          [ 7] Aztecas (80 m², 2 rec)
[2026-08-13 20:07]   OK activo          [ 9] Av. México 2083
[2026-08-13 20:07]   OK activo          [10] Terranova 388-203
[2026-08-13 20:07]   ?? no_verificable  [11] Providencia 4ª Secc
[2026-08-13 20:07]   OK activo          [13] Quebec 1155
[2026-08-13 20:07]   OK activo          [15] Penthouse Aztecas 1005
[2026-08-13 20:07]   OK activo          [16] Fray Luis de Palacio
[2026-08-13 20:07]   ?? no_verificable  [18] Reforma / Av. Américas
[2026-08-13 20:07]   OK activo          [20] Av. Pablo Neruda 2300 (2 unid.)
[2026-08-13 20:07]   OK activo          [21] Justo Sierra 2429
[2026-08-13 20:07]   ?? no_verificable  [22] Madison Loft
[2026-08-13 20:07]   ?? no_verificable  [23] Providencia ID 167276
[2026-08-13 20:07]   OK activo          [24] Av. Pablo Neruda 40 m² (sin aval)
[2026-08-13 20:07]   OK activo          [25] La Paz 2538
[2026-08-13 20:07]   ?? no_verificable  [27] Américas (Ayuntamiento)
[2026-08-13 20:07]   ?? no_verificable  [28] Ayuntamiento ID 167284
[2026-08-13 20:07]   ?? no_verificable  [29] Ayuntamiento ID 167285
[2026-08-13 20:08]   ?? no_verificable  [30] Loft Providencia 1ª Secc
[2026-08-13 20:08]   OK activo          [31] Av. de las Américas 918
[2026-08-13 20:08]   OK activo          [32] Av. de las Américas 872 (64 m²)
[2026-08-13 20:08] 
-- FASE 2: recalculando puntuaciones --
[2026-08-13 20:08]   33 propiedades activas repuntuadas
[2026-08-13 20:08]   Rango de puntuacion: 27 - 88
[2026-08-13 20:08]   Top 3: Pedro Moreno (88) | Pompeya 2564 (85) | Pablo Villaseñor 120 m (82)
[2026-08-13 20:08] 
-- FASE 3: buscando nuevos anuncios --
[2026-08-13 20:08]   Colonias: Providencia, Ladron de Guevara, Americana, Santa Teresita, Vallarta Norte
[2026-08-13 20:08]   Precio nominal maximo (cualquier mobiliario): $22,000
[2026-08-13 20:08]     propiedades.com: error – HTTPSConnectionPool(host='propiedades.com', port=443): Read timed out. (read timeout=20)
[2026-08-13 20:08]     EasyBroker: sin clave configurada (ver EASYBROKER_API_KEY en Settings > Secrets)
[2026-08-13 20:08]     Inmuebles24: 0 candidatos
[2026-08-13 20:08]     Lamudi: 0 candidatos
[2026-08-13 20:08]     Vivanuncios: 0 candidatos
[2026-08-13 20:08]   No se encontraron candidatos nuevos
[2026-08-13 20:08] 
-- FASE 4: guardando y regenerando --
[2026-08-13 20:08]   AVISO: los datos ya estaban actualizados (sin cambios)
[2026-08-13 20:08]   PDF actualizado: 33 propiedades
[2026-08-13 20:08] 
==============================================================
[2026-08-13 20:08] RESUMEN
[2026-08-13 20:08]   Activos verificados : 16
[2026-08-13 20:08]   No verificables     : 17  (revisar manualmente)
[2026-08-13 20:08]   Eliminados (caidos) : 0
[2026-08-13 20:08]   Excluidos por precio: 0
[2026-08-13 20:08]   Candidatos nuevos   : 0
[2026-08-13 20:08]   Total en el mapa    : 33
[2026-08-13 20:08] ==============================================================

[2026-08-13 20:59] ==============================================================
[2026-08-13 20:59] ACTUALIZACION (completa)
[2026-08-13 20:59] ==============================================================
[2026-08-13 20:59] 
-- FASE 1: verificando anuncios existentes --
[2026-08-13 21:00]   ?? no_verificable  [ 1] Pedro Moreno
[2026-08-13 21:00]   ?? no_verificable  [ 2] Pompeya 2564
[2026-08-13 21:00]   ?? no_verificable  [ 8] Hidalgo y Costilla 1618
[2026-08-13 21:01]   ?? no_verificable  [12] Labrador
[2026-08-13 21:01]   ?? no_verificable  [14] Justo Sierra
[2026-08-13 21:01]   ?? no_verificable  [17] Nomad Living Neruda (sin aval)
[2026-08-13 21:02]   ?? no_verificable  [19] Juan Ruiz Alarcón
[2026-08-13 21:02]   ?? no_verificable  [26] Manuel M. Diéguez
[2026-08-13 21:03]   ?? no_verificable  [33] Morelos
[2026-08-13 21:03] 
  Navegador stealth para 24 anuncios...
[2026-08-13 21:03]   OK activo          [ 3] Pablo Villaseñor 120 m²
[2026-08-13 21:03]   OK activo          [ 4] Pablo Casals (80 m², 2 rec)
[2026-08-13 21:03]   OK activo          [ 5] Antonio de León 248
[2026-08-13 21:03]   OK activo          [ 6] Av. Manuel Acuña 3138
[2026-08-13 21:03]   OK activo          [ 7] Aztecas (80 m², 2 rec)
[2026-08-13 21:03]   OK activo          [ 9] Av. México 2083
[2026-08-13 21:03]   OK activo          [10] Terranova 388-203
[2026-08-13 21:03]   ?? no_verificable  [11] Providencia 4ª Secc
[2026-08-13 21:03]   OK activo          [13] Quebec 1155
[2026-08-13 21:03]   OK activo          [15] Penthouse Aztecas 1005
[2026-08-13 21:03]   OK activo          [16] Fray Luis de Palacio
[2026-08-13 21:03]   ?? no_verificable  [18] Reforma / Av. Américas
[2026-08-13 21:03]   OK activo          [20] Av. Pablo Neruda 2300 (2 unid.)
[2026-08-13 21:03]   OK activo          [21] Justo Sierra 2429
[2026-08-13 21:03]   ?? no_verificable  [22] Madison Loft
[2026-08-13 21:03]   ?? no_verificable  [23] Providencia ID 167276
[2026-08-13 21:03]   OK activo          [24] Av. Pablo Neruda 40 m² (sin aval)
[2026-08-13 21:03]   OK activo          [25] La Paz 2538
[2026-08-13 21:03]   ?? no_verificable  [27] Américas (Ayuntamiento)
[2026-08-13 21:03]   ?? no_verificable  [28] Ayuntamiento ID 167284
[2026-08-13 21:04]   ?? no_verificable  [29] Ayuntamiento ID 167285
[2026-08-13 21:04]   ?? no_verificable  [30] Loft Providencia 1ª Secc
[2026-08-13 21:04]   OK activo          [31] Av. de las Américas 918
[2026-08-13 21:04]   OK activo          [32] Av. de las Américas 872 (64 m²)
[2026-08-13 21:04] 
-- FASE 2: recalculando puntuaciones --
[2026-08-13 21:04]   33 propiedades activas repuntuadas
[2026-08-13 21:04]   Rango de puntuacion: 27 - 88
[2026-08-13 21:04]   Top 3: Pedro Moreno (88) | Pompeya 2564 (85) | Pablo Villaseñor 120 m (82)
[2026-08-13 21:04] 
-- FASE 3: buscando nuevos anuncios --
[2026-08-13 21:04]   Colonias: Providencia, Ladron de Guevara, Americana, Santa Teresita, Vallarta Norte
[2026-08-13 21:04]   Precio nominal maximo (cualquier mobiliario): $22,000
[2026-08-13 21:04]     propiedades.com: error – HTTPSConnectionPool(host='propiedades.com', port=443): Read timed out. (read timeout=20)
[2026-08-13 21:04]     EasyBroker: sin clave configurada (ver EASYBROKER_API_KEY en Settings > Secrets)
[2026-08-13 21:04]     Inmuebles24: 0 candidatos
[2026-08-13 21:04]     Lamudi: 0 candidatos
[2026-08-13 21:04]     Vivanuncios: 0 candidatos
[2026-08-13 21:04]   No se encontraron candidatos nuevos
[2026-08-13 21:04] 
-- FASE 4: guardando y regenerando --
[2026-08-13 21:04]   AVISO: los datos ya estaban actualizados (sin cambios)
[2026-08-13 21:04]   PDF actualizado: 33 propiedades
[2026-08-13 21:04] 
==============================================================
[2026-08-13 21:04] RESUMEN
[2026-08-13 21:04]   Activos verificados : 16
[2026-08-13 21:04]   No verificables     : 17  (revisar manualmente)
[2026-08-13 21:04]   Eliminados (caidos) : 0
[2026-08-13 21:04]   Excluidos por precio: 0
[2026-08-13 21:04]   Candidatos nuevos   : 0
[2026-08-13 21:04]   Total en el mapa    : 33
[2026-08-13 21:04] ==============================================================

[2026-08-13 21:51] ==============================================================
[2026-08-13 21:51] ACTUALIZACION (completa)
[2026-08-13 21:51] ==============================================================
[2026-08-13 21:51] 
-- FASE 1: verificando anuncios existentes --
[2026-08-13 21:51]   ?? no_verificable  [ 1] Pedro Moreno
[2026-08-13 21:52]   ?? no_verificable  [ 2] Pompeya 2564
[2026-08-13 21:52]   ?? no_verificable  [ 8] Hidalgo y Costilla 1618
[2026-08-13 21:52]   ?? no_verificable  [12] Labrador
[2026-08-13 21:53]   ?? no_verificable  [14] Justo Sierra
[2026-08-13 21:53]   ?? no_verificable  [17] Nomad Living Neruda (sin aval)
[2026-08-13 21:53]   ?? no_verificable  [19] Juan Ruiz Alarcón
[2026-08-13 21:54]   ?? no_verificable  [26] Manuel M. Diéguez
[2026-08-13 21:54]   ?? no_verificable  [33] Morelos
[2026-08-13 21:54] 
  Navegador stealth para 24 anuncios...
[2026-08-13 21:54]       navegador: chromium (invisible)
[2026-08-13 21:54]   OK activo          [ 3] Pablo Villaseñor 120 m²
[2026-08-13 21:54]   OK activo          [ 4] Pablo Casals (80 m², 2 rec)
[2026-08-13 21:54]   OK activo          [ 5] Antonio de León 248
[2026-08-13 21:54]   OK activo          [ 6] Av. Manuel Acuña 3138
[2026-08-13 21:54]   OK activo          [ 7] Aztecas (80 m², 2 rec)
[2026-08-13 21:54]   OK activo          [ 9] Av. México 2083
[2026-08-13 21:54]   OK activo          [10] Terranova 388-203
[2026-08-13 21:54]   OK activo          [11] Providencia 4ª Secc
[2026-08-13 21:54]   OK activo          [13] Quebec 1155
[2026-08-13 21:54]   OK activo          [15] Penthouse Aztecas 1005
[2026-08-13 21:54]   OK activo          [16] Fray Luis de Palacio
[2026-08-13 21:54]   OK activo          [18] Reforma / Av. Américas
[2026-08-13 21:55]   OK activo          [20] Av. Pablo Neruda 2300 (2 unid.)
[2026-08-13 21:55]   OK activo          [21] Justo Sierra 2429
[2026-08-13 21:55]   OK activo          [22] Madison Loft
[2026-08-13 21:55]   OK activo          [23] Providencia ID 167276
[2026-08-13 21:55]   OK activo          [24] Av. Pablo Neruda 40 m² (sin aval)
[2026-08-13 21:55]   OK activo          [25] La Paz 2538
[2026-08-13 21:55]   OK activo          [27] Américas (Ayuntamiento)
[2026-08-13 21:55]   OK activo          [28] Ayuntamiento ID 167284
[2026-08-13 21:55]   OK activo          [29] Ayuntamiento ID 167285
[2026-08-13 21:55]   OK activo          [30] Loft Providencia 1ª Secc
[2026-08-13 21:55]   OK activo          [31] Av. de las Américas 918
[2026-08-13 21:55]   OK activo          [32] Av. de las Américas 872 (64 m²)
[2026-08-13 21:55] 
-- FASE 2: recalculando puntuaciones --
[2026-08-13 21:55]   33 propiedades activas repuntuadas
[2026-08-13 21:55]   Rango de puntuacion: 27 - 88
[2026-08-13 21:55]   Top 3: Pedro Moreno (88) | Pompeya 2564 (85) | Pablo Villaseñor 120 m (82)
[2026-08-13 21:55] 
-- FASE 3: buscando nuevos anuncios --
[2026-08-13 21:55]   Colonias: Providencia, Ladron de Guevara, Americana, Santa Teresita, Vallarta Norte
[2026-08-13 21:55]   Precio nominal maximo (cualquier mobiliario): $22,000
[2026-08-13 21:55]     propiedades.com (directo): error – HTTPSConnectionPool(host='propiedades.com', port=443): Read timed out. (read timeout=25)
[2026-08-13 21:55]     EasyBroker: 0 candidatos
[2026-08-13 21:55]       navegador: chromium (invisible)
[2026-08-13 21:55]     propiedades.com: reintentando con navegador simulado...
[2026-08-13 21:55]     propiedades.com (respaldo navegador): error – Page.goto: net::ERR_HTTP2_PROTOCOL_ERROR at https://propiedades.com/guadalajara/departamentos-renta?precio-maximo=22000&orden=reciente
Call log:
  - navigating to "https://propiedades.com/guadalajara/departamentos-renta?precio-maximo=22000&orden=reciente", waiting until "domcontentloaded"

[2026-08-13 21:56]       (aviso: no aparecieron tarjetas tras 15s de espera, se intenta igual)
[2026-08-13 21:56]     Inmuebles24: 0 candidatos (0 tarjetas, 4664 bytes) -> bloqueo (pagina de verificacion / captcha)
[2026-08-13 21:56]       (aviso: no aparecieron tarjetas tras 15s de espera, se intenta igual)
[2026-08-13 21:56]     Lamudi: 0 candidatos (0 tarjetas, 923 bytes) -> bloqueo (respuesta practicamente vacia)
[2026-08-13 21:56]       (aviso: no aparecieron tarjetas tras 15s de espera, se intenta igual)
[2026-08-13 21:56]     Vivanuncios: 0 candidatos (0 tarjetas, 27874 bytes) -> bloqueo (pagina de verificacion / captcha)
[2026-08-13 21:56]   No se encontraron candidatos nuevos
[2026-08-13 21:56] 
-- FASE 4: guardando y regenerando --
[2026-08-13 21:56]   Mapa actualizado con 33 propiedades
[2026-08-13 21:56]   PDF actualizado: 33 propiedades
[2026-08-13 21:56] 
==============================================================
[2026-08-13 21:56] RESUMEN
[2026-08-13 21:56]   Activos verificados : 24
[2026-08-13 21:56]   No verificables     : 9  (revisar manualmente)
[2026-08-13 21:56]   Eliminados (caidos) : 0
[2026-08-13 21:56]   Excluidos por precio: 0
[2026-08-13 21:56]   Candidatos nuevos   : 0
[2026-08-13 21:56]   Total en el mapa    : 33
[2026-08-13 21:56] ==============================================================

[2026-08-14 05:47] ==============================================================
[2026-08-14 05:47] ACTUALIZACION (completa)
[2026-08-14 05:47] ==============================================================
[2026-08-14 05:47] 
-- FASE 1: verificando anuncios existentes --
[2026-08-14 05:47]   ?? no_verificable  [ 1] Pedro Moreno
[2026-08-14 05:47]   ?? no_verificable  [ 2] Pompeya 2564
[2026-08-14 05:48]   ?? no_verificable  [ 8] Hidalgo y Costilla 1618
[2026-08-14 05:48]   ?? no_verificable  [12] Labrador
[2026-08-14 05:48]   ?? no_verificable  [14] Justo Sierra
[2026-08-14 05:49]   ?? no_verificable  [17] Nomad Living Neruda (sin aval)
[2026-08-14 05:49]   ?? no_verificable  [19] Juan Ruiz Alarcón
[2026-08-14 05:49]   ?? no_verificable  [26] Manuel M. Diéguez
[2026-08-14 05:50]   ?? no_verificable  [33] Morelos
[2026-08-14 05:50] 
  Navegador stealth para 24 anuncios...
[2026-08-14 05:50]       navegador: chromium (invisible)
[2026-08-14 05:50]   OK activo          [ 3] Pablo Villaseñor 120 m²
[2026-08-14 05:50]   OK activo          [ 4] Pablo Casals (80 m², 2 rec)
[2026-08-14 05:50]   OK activo          [ 5] Antonio de León 248
[2026-08-14 05:50]   OK activo          [ 6] Av. Manuel Acuña 3138
[2026-08-14 05:50]   OK activo          [ 7] Aztecas (80 m², 2 rec)
[2026-08-14 05:50]   OK activo          [ 9] Av. México 2083
[2026-08-14 05:50]   OK activo          [10] Terranova 388-203
[2026-08-14 05:50]   OK activo          [11] Providencia 4ª Secc
[2026-08-14 05:50]   OK activo          [13] Quebec 1155
[2026-08-14 05:50]   OK activo          [15] Penthouse Aztecas 1005
[2026-08-14 05:50]   OK activo          [16] Fray Luis de Palacio
[2026-08-14 05:50]   OK activo          [18] Reforma / Av. Américas
[2026-08-14 05:50]   OK activo          [20] Av. Pablo Neruda 2300 (2 unid.)
[2026-08-14 05:50]   OK activo          [21] Justo Sierra 2429
[2026-08-14 05:50]   OK activo          [22] Madison Loft
[2026-08-14 05:51]   OK activo          [23] Providencia ID 167276
[2026-08-14 05:51]   OK activo          [24] Av. Pablo Neruda 40 m² (sin aval)
[2026-08-14 05:51]   OK activo          [25] La Paz 2538
[2026-08-14 05:51]   OK activo          [27] Américas (Ayuntamiento)
[2026-08-14 05:51]   OK activo          [28] Ayuntamiento ID 167284
[2026-08-14 05:51]   OK activo          [29] Ayuntamiento ID 167285
[2026-08-14 05:51]   OK activo          [30] Loft Providencia 1ª Secc
[2026-08-14 05:51]   OK activo          [31] Av. de las Américas 918
[2026-08-14 05:51]   OK activo          [32] Av. de las Américas 872 (64 m²)
[2026-08-14 05:51] 
-- FASE 2: recalculando puntuaciones --
[2026-08-14 05:51]   33 propiedades activas repuntuadas
[2026-08-14 05:51]   Rango de puntuacion: 27 - 88
[2026-08-14 05:51]   Top 3: Pedro Moreno (88) | Pompeya 2564 (85) | Pablo Villaseñor 120 m (82)
[2026-08-14 05:51] 
-- FASE 3: buscando nuevos anuncios --
[2026-08-14 05:51]   Colonias: Providencia, Ladron de Guevara, Americana, Santa Teresita, Vallarta Norte
[2026-08-14 05:51]   Precio nominal maximo (cualquier mobiliario): $22,000
[2026-08-14 05:51]     propiedades.com (directo): error – HTTPSConnectionPool(host='propiedades.com', port=443): Read timed out. (read timeout=25)
[2026-08-14 05:51]     EasyBroker: 0 candidatos
[2026-08-14 05:51]       navegador: chromium (invisible)
[2026-08-14 05:51]     propiedades.com: reintentando con navegador simulado...
[2026-08-14 05:51]     propiedades.com (respaldo navegador): error – Page.goto: net::ERR_HTTP2_PROTOCOL_ERROR at https://propiedades.com/guadalajara/departamentos-renta?precio-maximo=22000&orden=reciente
Call log:
  - navigating to "https://propiedades.com/guadalajara/departamentos-renta?precio-maximo=22000&orden=reciente", waiting until "domcontentloaded"

[2026-08-14 05:52]       (aviso: no aparecieron tarjetas tras 15s de espera, se intenta igual)
[2026-08-14 05:52]     Inmuebles24: 0 candidatos (0 tarjetas, 4662 bytes) -> bloqueo (pagina de verificacion / captcha)
[2026-08-14 05:52]       (aviso: no aparecieron tarjetas tras 15s de espera, se intenta igual)
[2026-08-14 05:52]     Lamudi: 0 candidatos (0 tarjetas, 923 bytes) -> bloqueo (respuesta practicamente vacia)
[2026-08-14 05:52]       (aviso: no aparecieron tarjetas tras 15s de espera, se intenta igual)
[2026-08-14 05:52]     Vivanuncios: 0 candidatos (0 tarjetas, 27874 bytes) -> bloqueo (pagina de verificacion / captcha)
[2026-08-14 05:52]   No se encontraron candidatos nuevos
[2026-08-14 05:52] 
-- FASE 4: guardando y regenerando --
[2026-08-14 05:52]   Mapa actualizado con 33 propiedades
[2026-08-14 05:52]   PDF actualizado: 33 propiedades
[2026-08-14 05:52] 
==============================================================
[2026-08-14 05:52] RESUMEN
[2026-08-14 05:52]   Activos verificados : 24
[2026-08-14 05:52]   No verificables     : 9  (revisar manualmente)
[2026-08-14 05:52]   Eliminados (caidos) : 0
[2026-08-14 05:52]   Excluidos por precio: 0
[2026-08-14 05:52]   Candidatos nuevos   : 0
[2026-08-14 05:52]   Total en el mapa    : 33
[2026-08-14 05:52] ==============================================================

[2026-08-14 09:42] ==============================================================
[2026-08-14 09:42] ACTUALIZACION (completa)
[2026-08-14 09:42] ==============================================================
[2026-08-14 09:42] 
-- FASE 1: verificando anuncios existentes --
[2026-08-14 09:43]   ?? no_verificable  [ 1] Pedro Moreno
[2026-08-14 09:43]   ?? no_verificable  [ 2] Pompeya 2564
[2026-08-14 09:43]   ?? no_verificable  [ 8] Hidalgo y Costilla 1618
[2026-08-14 09:44]   ?? no_verificable  [12] Labrador
[2026-08-14 09:44]   ?? no_verificable  [14] Justo Sierra
[2026-08-14 09:45]   ?? no_verificable  [17] Nomad Living Neruda (sin aval)
[2026-08-14 09:45]   ?? no_verificable  [19] Juan Ruiz Alarcón
[2026-08-14 09:45]   ?? no_verificable  [26] Manuel M. Diéguez
[2026-08-14 09:46]   ?? no_verificable  [33] Morelos
[2026-08-14 09:46] 
  Navegador stealth para 24 anuncios...
[2026-08-14 09:46]       navegador: chromium (invisible)
[2026-08-14 09:46]   OK activo          [ 3] Pablo Villaseñor 120 m²
[2026-08-14 09:46]   OK activo          [ 4] Pablo Casals (80 m², 2 rec)
[2026-08-14 09:46]   OK activo          [ 5] Antonio de León 248
[2026-08-14 09:46]   OK activo          [ 6] Av. Manuel Acuña 3138
[2026-08-14 09:46]   OK activo          [ 7] Aztecas (80 m², 2 rec)
[2026-08-14 09:46]   OK activo          [ 9] Av. México 2083
[2026-08-14 09:46]   OK activo          [10] Terranova 388-203
[2026-08-14 09:46]   OK activo          [11] Providencia 4ª Secc
[2026-08-14 09:46]   OK activo          [13] Quebec 1155
[2026-08-14 09:46]   OK activo          [15] Penthouse Aztecas 1005
[2026-08-14 09:46]   OK activo          [16] Fray Luis de Palacio
[2026-08-14 09:46]   OK activo          [18] Reforma / Av. Américas
[2026-08-14 09:46]   OK activo          [20] Av. Pablo Neruda 2300 (2 unid.)
[2026-08-14 09:46]   OK activo          [21] Justo Sierra 2429
[2026-08-14 09:46]   OK activo          [22] Madison Loft
[2026-08-14 09:46]   OK activo          [23] Providencia ID 167276
[2026-08-14 09:46]   OK activo          [24] Av. Pablo Neruda 40 m² (sin aval)
[2026-08-14 09:46]   OK activo          [25] La Paz 2538
[2026-08-14 09:46]   OK activo          [27] Américas (Ayuntamiento)
[2026-08-14 09:46]   OK activo          [28] Ayuntamiento ID 167284
[2026-08-14 09:46]   OK activo          [29] Ayuntamiento ID 167285
[2026-08-14 09:46]   OK activo          [30] Loft Providencia 1ª Secc
[2026-08-14 09:47]   OK activo          [31] Av. de las Américas 918
[2026-08-14 09:47]   OK activo          [32] Av. de las Américas 872 (64 m²)
[2026-08-14 09:47] 
-- FASE 2: recalculando puntuaciones --
[2026-08-14 09:47]   33 propiedades activas repuntuadas
[2026-08-14 09:47]   Rango de puntuacion: 27 - 88
[2026-08-14 09:47]   Top 3: Pedro Moreno (88) | Pompeya 2564 (85) | Pablo Villaseñor 120 m (82)
[2026-08-14 09:47] 
-- FASE 3: buscando nuevos anuncios --
[2026-08-14 09:47]   Colonias: Providencia, Ladron de Guevara, Americana, Santa Teresita, Vallarta Norte
[2026-08-14 09:47]   Precio nominal maximo (cualquier mobiliario): $22,000
[2026-08-14 09:47]     propiedades.com (directo): error – HTTPSConnectionPool(host='propiedades.com', port=443): Read timed out. (read timeout=25)
[2026-08-14 09:47]     EasyBroker: 0 candidatos
[2026-08-14 09:47]       navegador: chromium (invisible)
[2026-08-14 09:47]     propiedades.com: reintentando con navegador simulado...
[2026-08-14 09:47]     propiedades.com (respaldo navegador): error – Page.goto: net::ERR_HTTP2_PROTOCOL_ERROR at https://propiedades.com/guadalajara/departamentos-renta?precio-maximo=22000&orden=reciente
Call log:
  - navigating to "https://propiedades.com/guadalajara/departamentos-renta?precio-maximo=22000&orden=reciente", waiting until "domcontentloaded"

[2026-08-14 09:47]       (aviso: no aparecieron tarjetas tras 15s de espera, se intenta igual)
[2026-08-14 09:47]     Inmuebles24: 0 candidatos (0 tarjetas, 4663 bytes) -> bloqueo (pagina de verificacion / captcha)
[2026-08-14 09:48]       (aviso: no aparecieron tarjetas tras 15s de espera, se intenta igual)
[2026-08-14 09:48]     Lamudi: 0 candidatos (0 tarjetas, 923 bytes) -> bloqueo (respuesta practicamente vacia)
[2026-08-14 09:48]       (aviso: no aparecieron tarjetas tras 15s de espera, se intenta igual)
[2026-08-14 09:48]     Vivanuncios: 0 candidatos (0 tarjetas, 27874 bytes) -> bloqueo (pagina de verificacion / captcha)
[2026-08-14 09:48]   No se encontraron candidatos nuevos
[2026-08-14 09:48] 
-- FASE 4: guardando y regenerando --
[2026-08-14 09:48]   Mapa actualizado con 33 propiedades
[2026-08-14 09:48]   PDF actualizado: 33 propiedades
[2026-08-14 09:48] 
==============================================================
[2026-08-14 09:48] RESUMEN
[2026-08-14 09:48]   Activos verificados : 24
[2026-08-14 09:48]   No verificables     : 9  (revisar manualmente)
[2026-08-14 09:48]   Eliminados (caidos) : 0
[2026-08-14 09:48]   Excluidos por precio: 0
[2026-08-14 09:48]   Candidatos nuevos   : 0
[2026-08-14 09:48]   Total en el mapa    : 33
[2026-08-14 09:48] ==============================================================

[2026-08-14 15:08] ==============================================================
[2026-08-14 15:08] ACTUALIZACION (completa)
[2026-08-14 15:08] ==============================================================
[2026-08-14 15:08] 
-- FASE 1: verificando anuncios existentes --
[2026-08-14 15:09]   ?? no_verificable  [ 1] Pedro Moreno
[2026-08-14 15:09]   ?? no_verificable  [ 2] Pompeya 2564
[2026-08-14 15:09]   ?? no_verificable  [ 8] Hidalgo y Costilla 1618
[2026-08-14 15:10]   ?? no_verificable  [12] Labrador
[2026-08-14 15:10]   ?? no_verificable  [14] Justo Sierra
[2026-08-14 15:10]   ?? no_verificable  [17] Nomad Living Neruda (sin aval)
[2026-08-14 15:11]   ?? no_verificable  [19] Juan Ruiz Alarcón
[2026-08-14 15:11]   ?? no_verificable  [26] Manuel M. Diéguez
[2026-08-14 15:11]   ?? no_verificable  [33] Morelos
[2026-08-14 15:11] 
  Navegador stealth para 24 anuncios...
[2026-08-14 15:11]       navegador: chromium (invisible)
[2026-08-14 15:11]   OK activo          [ 3] Pablo Villaseñor 120 m²
[2026-08-14 15:11]   OK activo          [ 4] Pablo Casals (80 m², 2 rec)
[2026-08-14 15:11]   OK activo          [ 5] Antonio de León 248
[2026-08-14 15:12]   OK activo          [ 6] Av. Manuel Acuña 3138
[2026-08-14 15:12]   OK activo          [ 7] Aztecas (80 m², 2 rec)
[2026-08-14 15:12]   OK activo          [ 9] Av. México 2083
[2026-08-14 15:12]   OK activo          [10] Terranova 388-203
[2026-08-14 15:12]   OK activo          [11] Providencia 4ª Secc
[2026-08-14 15:12]   OK activo          [13] Quebec 1155
[2026-08-14 15:12]   OK activo          [15] Penthouse Aztecas 1005
[2026-08-14 15:12]   OK activo          [16] Fray Luis de Palacio
[2026-08-14 15:12]   OK activo          [18] Reforma / Av. Américas
[2026-08-14 15:12]   OK activo          [20] Av. Pablo Neruda 2300 (2 unid.)
[2026-08-14 15:12]   OK activo          [21] Justo Sierra 2429
[2026-08-14 15:12]   OK activo          [22] Madison Loft
[2026-08-14 15:12]   OK activo          [23] Providencia ID 167276
[2026-08-14 15:12]   OK activo          [24] Av. Pablo Neruda 40 m² (sin aval)
[2026-08-14 15:12]   OK activo          [25] La Paz 2538
[2026-08-14 15:12]   OK activo          [27] Américas (Ayuntamiento)
[2026-08-14 15:12]   OK activo          [28] Ayuntamiento ID 167284
[2026-08-14 15:12]   OK activo          [29] Ayuntamiento ID 167285
[2026-08-14 15:12]   OK activo          [30] Loft Providencia 1ª Secc
[2026-08-14 15:12]   OK activo          [31] Av. de las Américas 918
[2026-08-14 15:12]   OK activo          [32] Av. de las Américas 872 (64 m²)
[2026-08-14 15:12] 
-- FASE 2: recalculando puntuaciones --
[2026-08-14 15:12]   33 propiedades activas repuntuadas
[2026-08-14 15:12]   Rango de puntuacion: 27 - 88
[2026-08-14 15:12]   Top 3: Pedro Moreno (88) | Pompeya 2564 (85) | Pablo Villaseñor 120 m (82)
[2026-08-14 15:12] 
-- FASE 3: buscando nuevos anuncios --
[2026-08-14 15:12]   Colonias: Providencia, Ladron de Guevara, Americana, Santa Teresita, Vallarta Norte
[2026-08-14 15:12]   Precio nominal maximo (cualquier mobiliario): $22,000
[2026-08-14 15:13]     propiedades.com (directo): error – HTTPSConnectionPool(host='propiedades.com', port=443): Read timed out. (read timeout=25)
[2026-08-14 15:13]     EasyBroker: 0 candidatos
[2026-08-14 15:13]       navegador: chromium (invisible)
[2026-08-14 15:13]     propiedades.com: reintentando con navegador simulado...
[2026-08-14 15:13]     propiedades.com (respaldo navegador): error – Page.goto: net::ERR_HTTP2_PROTOCOL_ERROR at https://propiedades.com/guadalajara/departamentos-renta?precio-maximo=22000&orden=reciente
Call log:
  - navigating to "https://propiedades.com/guadalajara/departamentos-renta?precio-maximo=22000&orden=reciente", waiting until "domcontentloaded"

[2026-08-14 15:13]       (aviso: no aparecieron tarjetas tras 15s de espera, se intenta igual)
[2026-08-14 15:13]     Inmuebles24: 0 candidatos (0 tarjetas, 4663 bytes) -> bloqueo (pagina de verificacion / captcha)
[2026-08-14 15:13]       (aviso: no aparecieron tarjetas tras 15s de espera, se intenta igual)
[2026-08-14 15:13]     Lamudi: 0 candidatos (0 tarjetas, 923 bytes) -> bloqueo (respuesta practicamente vacia)
[2026-08-14 15:14]       (aviso: no aparecieron tarjetas tras 15s de espera, se intenta igual)
[2026-08-14 15:14]     Vivanuncios: 0 candidatos (0 tarjetas, 27874 bytes) -> bloqueo (pagina de verificacion / captcha)
[2026-08-14 15:14]   No se encontraron candidatos nuevos
[2026-08-14 15:14] 
-- FASE 4: guardando y regenerando --
[2026-08-14 15:14]   AVISO: los datos ya estaban actualizados (sin cambios)
[2026-08-14 15:14]   PDF actualizado: 33 propiedades
[2026-08-14 15:14] 
==============================================================
[2026-08-14 15:14] RESUMEN
[2026-08-14 15:14]   Activos verificados : 24
[2026-08-14 15:14]   No verificables     : 9  (revisar manualmente)
[2026-08-14 15:14]   Eliminados (caidos) : 0
[2026-08-14 15:14]   Excluidos por precio: 0
[2026-08-14 15:14]   Candidatos nuevos   : 0
[2026-08-14 15:14]   Total en el mapa    : 33
[2026-08-14 15:14] ==============================================================

